Copyright 1986-2019 Xilinx, Inc. All Rights Reserved.
------------------------------------------------------------------------------------
| Tool Version : Vivado v.2019.1 (lin64) Build 2552052 Fri May 24 14:47:09 MDT 2019
| Date         : Wed Jul 26 23:00:18 2023
| Host         : IC_EDA running 64-bit CentOS Linux release 7.9.2009 (Core)
| Command      : report_control_sets -verbose -file z1top_control_sets_placed.rpt
| Design       : z1top
| Device       : xc7a35t
------------------------------------------------------------------------------------

Control Set Information

Table of Contents
-----------------
1. Summary
2. Histogram
3. Flip-Flop Distribution
4. Detailed Control Set Information

1. Summary
----------

+----------------------------------------------------------+-------+
|                          Status                          | Count |
+----------------------------------------------------------+-------+
| Total control sets                                       |    13 |
|    Minimum number of control sets                        |    13 |
|    Addition due to synthesis replication                 |     0 |
|    Addition due to physical synthesis replication        |     0 |
| Unused register locations in slices containing registers |    43 |
+----------------------------------------------------------+-------+
* Control sets can be merged at opt_design using control_set_merge or merge_equivalent_drivers
** Run report_qor_suggestions for automated merging and remapping suggestions


2. Histogram
------------

+--------------------+-------+
|       Fanout       | Count |
+--------------------+-------+
| Total control sets |    13 |
| >= 0 to < 4        |     0 |
| >= 4 to < 6        |     2 |
| >= 6 to < 8        |     1 |
| >= 8 to < 10       |     2 |
| >= 10 to < 12      |     2 |
| >= 12 to < 14      |     0 |
| >= 14 to < 16      |     1 |
| >= 16              |     5 |
+--------------------+-------+
* Control sets can be remapped at either synth_design or opt_design


3. Flip-Flop Distribution
-------------------------

+--------------+-----------------------+------------------------+-----------------+--------------+
| Clock Enable | Synchronous Set/Reset | Asynchronous Set/Reset | Total Registers | Total Slices |
+--------------+-----------------------+------------------------+-----------------+--------------+
| No           | No                    | No                     |             231 |          106 |
| No           | No                    | Yes                    |              77 |           41 |
| No           | Yes                   | No                     |              44 |           14 |
| Yes          | No                    | No                     |               9 |            4 |
| Yes          | No                    | Yes                    |              53 |           14 |
| Yes          | Yes                   | No                     |              23 |            8 |
+--------------+-----------------------+------------------------+-----------------+--------------+


4. Detailed Control Set Information
-----------------------------------

+-------------------+--------------------------------------------------+-----------------------------------------+------------------+----------------+
|    Clock Signal   |                   Enable Signal                  |             Set/Reset Signal            | Slice Load Count | Bel Load Count |
+-------------------+--------------------------------------------------+-----------------------------------------+------------------+----------------+
|  clk_wiz/clk_out1 | cpu/uart_rx/clock_counter/q_reg[4]_0[0]          | cpu/uart_rx/bit_counter/q[3]_i_1__0_n_0 |                2 |              4 |
|  clk_wiz/clk_out1 | cpu/id_exm_regs_u1/E[0]                          | bp/p_0_in                               |                1 |              5 |
|  clk_wiz/clk_out1 | cpu/id_exm_regs_u1/MEMWen_o_reg[2]_0[0]          | bp/p_0_in                               |                2 |              6 |
|  clk_wiz/clk_out1 | cpu/uart_rx/clock_counter/E[0]                   |                                         |                4 |              9 |
|  clk_wiz/clk_out1 | bp/debouncer[0].saturating_counter[0][8]_i_1_n_0 | bp/s1/SR[0]                             |                3 |              9 |
|  clk_wiz/clk_out1 | cpu/id_exm_regs_u1/data_in_ready_reg[0]          | bp/p_0_in                               |                3 |             10 |
|  clk_wiz/clk_out1 | cpu/uart_rx/start_reg/q_reg[0]_0[0]              | cpu/uart_rx/bit_counter/SR[0]           |                3 |             10 |
|  clk_wiz/clk_out1 |                                                  | bp/wrapping_counter[15]_i_1_n_0         |                4 |             15 |
|  clk_wiz/clk_out1 |                                                  | cpu/PCSrc_u1/rst_n_align_reg_0          |               10 |             29 |
|  clk_wiz/clk_out1 | cpu/id_exm_regs_u1/Inst_o_reg[0]_0               | bp/p_0_in                               |                8 |             32 |
|  clk_wiz/clk_out1 |                                                  | bp/p_0_in                               |               41 |             77 |
|  clk_wiz/clk_out1 | cpu/rf/p_0_in__0                                 |                                         |               12 |             96 |
|  clk_wiz/clk_out1 |                                                  |                                         |              106 |            231 |
+-------------------+--------------------------------------------------+-----------------------------------------+------------------+----------------+


